
ne sample kick_min time(1/4)

ring myArr [1 2 3 4]
prnt myArr

rng someArr coin(5)

ring this Array [10 20]
list arr myArr
list arr [myArr]
list arr[myArr]
list arr [ myArr
list arr myArr]
list arr [[myArr]
list arr [myArr]]

list theArr [ 5 6 7 8 9 new
print theArr

newsample kick time(1/4)

ring notes shuffle spread (5) )
ring notes2 duplicate	(notes 3)
print notes2

ring beat join( euclid 8 3 euclid(7 6) )
print beat

ring beat2 join( euclid 8 3) euclid(7 6) )

array commaArr [ 3,14 6,28 3.14 1.618 ]
print commaArr

ring val [ "the string name" "3.14 with/ ( [ ]) special, ;characters&" ]

ring theSeps [1, 23, 4.15, 6, 789.1011 , ]